Microchip MPLAB XC8 Compiler V2.45

Linker command line:

-W-3 \
  --edf=C:\Program Files\Microchip\xc8\v2.45\pic\dat\20230818022343_en.msgs \
  -cn -h+dist/default/production\code.X.production.sym \
  --cmf=dist/default/production\code.X.production.cmf -z -Q16F877A \
  -oC:\Users\FiX-DEll\AppData\Local\Temp\xcAs5lc.\driver_tmp_3.o \
  --defsym=__MPLAB_BUILD=1 --fixupoverflow=error \
  -Mdist/default/production/code.X.production.map \
  --md=C:\Users\FiX-DEll\AppData\Local\Temp\xcAs5lc.\driver_tmp_0.dat -E1 \
  -ver=XC8 Compiler --acfsm=1493 -ACODE=00h-07FFhx4 -ASTRCODE=00h-01FFFh \
  -ASTRING=00h-0FFhx32 -ACONST=00h-0FFhx32 -AENTRY=00h-0FFhx32 \
  -ACOMMON=070h-07Fh -ABANK0=020h-06Fh -ABANK1=0A0h-0EFh \
  -ABANK2=0110h-016Fh -ABANK3=0190h-01EFh \
  -ARAM=020h-06Fh,0A0h-0EFh,0110h-016Fh,0190h-01EFh \
  -AABS1=020h-07Fh,0A0h-0EFh,0110h-016Fh,0190h-01EFh -ASFR0=00h-01Fh \
  -ASFR1=080h-09Fh -ASFR2=0100h-010Fh -ASFR3=0180h-018Fh \
  -ACONFIG=02007h-02007h -DCONFIG=2 -AIDLOC=02000h-02003h -DIDLOC=2 \
  -AEEDATA=00h-0FFh/02100h -peeprom_data=EEDATA -DEEDATA=2 -DCODE=2 \
  -DSTRCODE=2 -DSTRING=2 -DCONST=2 -DENTRY=2 \
  -preset_vec=00h,intentry=04h,init,end_init -ppowerup=CODE -pcinit=CODE \
  -pfunctab=ENTRY -k \
  C:\Users\FiX-DEll\AppData\Local\Temp\xcAs5lc.\driver_tmp_12.o \
  dist/default/production\code.X.production.o 

Object code version is 3.11

Machine type is 16F877A



                Name                               Link     Load   Length Selector   Space Scale
C:\Users\FiX-DEll\AppData\Local\Temp\xcAs5lc.\driver_tmp_12.o
                end_init                             12       12        3        8       0
                reset_vec                             0        0        3        0       0
                config                             2007     2007        1        0       4
dist/default/production\code.X.production.o
                cinit                                15       15       38        8       0
                functab                              4D       4D       10       9A       0
                intentry                              4        4        E        8       0
                config                             2007     2007        1        0       4
                text28                              3A2      3A2      258       BA       0
                text27                              E31      E31      1CF     1C62       0
                text26                              862      862       27     10C4       0
                text25                               5D       5D      345       BA       0
                text24                              D79      D79       B8     1AF2       0
                text23                             17CD     17CD        C     2F9A       0
                text22                              5FA      5FA      1F9       BA       0
                text21                             17F1     17F1        F     2FE2       0
                text20                              A1F      A1F       76     143E       0
                text19                             17C5     17C5        8     2F8A       0
                text18                              802      802       11     1004       0
                text17                              8DF      8DF       2C     11BE       0
                text16                              826      826       1D     104C       0
                text15                              93F      93F       40     127E       0
                text14                              C2B      C2B       A4     1856       0
                text13                             17B9     17B9        3     2F72       0
                text12                             17BC     17BC        3     2F78       0
                text11                              9CD      9CD       52     139A       0
                text10                              97F      97F       4E     12FE       0
                text9                               B11      B11       80     1622       0
                text8                               A95      A95       7C     152A       0
                text7                               90B      90B       34     1216       0
                text6                               889      889       2B     1112       0
                text5                               7F3      7F3        D       BA       0
                text4                              17D9     17D9        C     2FB2       0
                text3                              17E5     17E5        C     2FCA       0
                text2                               8B4      8B4       2B     1168       0
                text1                               CCF      CCF       AA     199E       0
                maintext                            B91      B91       9A     1722       0
                cstackBANK0                          20       20       40       20       1
                cstackCOMMON                         70       70        E       70       1
                cstackBANK1                          BF       BF       10       A0       1
                inittext                            813      813       13     1026       0
                dataBANK1                            A0       A0       1F       A0       1
                bssBANK1                             CF       CF        E       A0       1
                dataBANK0                            67       67        6       20       1
                bssBANK0                             60       60        7       20       1
                idataBANK1                          843      843       1F     1086       0
                idataBANK0                         17BF     17BF        6     2F7E       0

TOTAL           Name                               Link     Load   Length     Space
        CLASS   CODE           
                end_init                             12       12        3         0
                cinit                                15       15       38         0
                intentry                              4        4        E         0
                reset_vec                             0        0        3         0
                text28                              3A2      3A2      258         0
                text27                              E31      E31      1CF         0
                text26                              862      862       27         0
                text25                               5D       5D      345         0
                text24                              D79      D79       B8         0
                text23                             17CD     17CD        C         0
                text22                              5FA      5FA      1F9         0
                text21                             17F1     17F1        F         0
                text20                              A1F      A1F       76         0
                text19                             17C5     17C5        8         0
                text18                              802      802       11         0
                text17                              8DF      8DF       2C         0
                text16                              826      826       1D         0
                text15                              93F      93F       40         0
                text14                              C2B      C2B       A4         0
                text13                             17B9     17B9        3         0
                text12                             17BC     17BC        3         0
                text11                              9CD      9CD       52         0
                text10                              97F      97F       4E         0
                text9                               B11      B11       80         0
                text8                               A95      A95       7C         0
                text7                               90B      90B       34         0
                text6                               889      889       2B         0
                text5                               7F3      7F3        D         0
                text4                              17D9     17D9        C         0
                text3                              17E5     17E5        C         0
                text2                               8B4      8B4       2B         0
                text1                               CCF      CCF       AA         0
                maintext                            B91      B91       9A         0
                inittext                            813      813       13         0
                idataBANK1                          843      843       1F         0
                idataBANK0                         17BF     17BF        6         0

        CLASS   STRCODE        

        CLASS   STRING         

        CLASS   CONST          

        CLASS   ENTRY          
                functab                              4D       4D       10         0

        CLASS   COMMON         
                cstackCOMMON                         70       70        E         1

        CLASS   BANK0          
                cstackBANK0                          20       20       40         1
                dataBANK0                            67       67        6         1
                bssBANK0                             60       60        7         1

        CLASS   BANK1          
                cstackBANK1                          BF       BF       10         1
                dataBANK1                            A0       A0       1F         1
                bssBANK1                             CF       CF        E         1

        CLASS   BANK2          

        CLASS   BANK3          

        CLASS   RAM            

        CLASS   ABS1           
                abs_s1                               7E       7E        2         1

        CLASS   SFR0           

        CLASS   SFR1           

        CLASS   SFR2           

        CLASS   SFR3           

        CLASS   CONFIG         
                config                             2007     2007        1         4

        CLASS   IDLOC          

        CLASS   EEDATA         

        CLASS   HEAP           

        CLASS   STACK          



SEGMENTS        Name                           Load    Length   Top    Selector   Space  Class     Delta

                reset_vec                      000000  000003  000003         0       0  CODE        2
                intentry                       000004  000049  00004D         8       0  CODE        2
                cstackBANK0                    000020  00004D  00006D        20       1  BANK0       1
                cstackCOMMON                   000070  00000E  00007E        70       1  COMMON      1
                functab                        00004D  000010  00005D        9A       0  ENTRY       2
                dataBANK1                      0000A0  00003D  0000DD        A0       1  BANK1       1
                text25                         00005D  0007A3  000800        BA       0  CODE        2
                text18                         000802  000011  000813      1004       0  CODE        2
                inittext                       000813  000013  000826      1026       0  CODE        2
                text16                         000826  00001D  000843      104C       0  CODE        2
                idataBANK1                     000843  00001F  000862      1086       0  CODE        2
                text26                         000862  000027  000889      10C4       0  CODE        2
                text6                          000889  00002B  0008B4      1112       0  CODE        2
                text2                          0008B4  00002B  0008DF      1168       0  CODE        2
                text17                         0008DF  00002C  00090B      11BE       0  CODE        2
                text7                          00090B  000034  00093F      1216       0  CODE        2
                text15                         00093F  000040  00097F      127E       0  CODE        2
                text10                         00097F  00004E  0009CD      12FE       0  CODE        2
                text11                         0009CD  000052  000A1F      139A       0  CODE        2
                text20                         000A1F  000076  000A95      143E       0  CODE        2
                text8                          000A95  00007C  000B11      152A       0  CODE        2
                text9                          000B11  000080  000B91      1622       0  CODE        2
                maintext                       000B91  00009A  000C2B      1722       0  CODE        2
                text14                         000C2B  0000A4  000CCF      1856       0  CODE        2
                text1                          000CCF  0000AA  000D79      199E       0  CODE        2
                text24                         000D79  0000B8  000E31      1AF2       0  CODE        2
                text27                         000E31  0001CF  001000      1C62       0  CODE        2
                text13                         0017B9  000003  0017BC      2F72       0  CODE        2
                text12                         0017BC  000003  0017BF      2F78       0  CODE        2
                idataBANK0                     0017BF  000006  0017C5      2F7E       0  CODE        2
                text19                         0017C5  000008  0017CD      2F8A       0  CODE        2
                text23                         0017CD  00000C  0017D9      2F9A       0  CODE        2
                text4                          0017D9  00000C  0017E5      2FB2       0  CODE        2
                text3                          0017E5  00000C  0017F1      2FCA       0  CODE        2
                text21                         0017F1  00000F  001800      2FE2       0  CODE        2


UNUSED ADDRESS RANGES

        Name                Unused          Largest block    Delta
        BANK0            006D-006F              3           1
        BANK1            00DD-00EF             13           1
        BANK2            0110-016F             60           1
        BANK3            0190-01EF             60           1
        CODE             0003-0003              1           2
                         0800-0801              2
                         1000-17B8            7B9
                         1800-1FFF            800
        CONST            0003-0003              1           2
                         0800-0801              2
                         1000-17B8            100
                         1800-1FFF            100
        EEDATA           2100-21FF            100           2
        ENTRY            0003-0003              1           2
                         0800-0801              2
                         1000-17B8            100
                         1800-1FFF            100
        IDLOC            2000-2003              4           2
        RAM              006D-006F              3           1
                         00DD-00EF             13
                         0110-016F             60
                         0190-01EF             60
        SFR0             0000-001F             20           1
        SFR1             0080-009F             20           1
        SFR2             0100-010F             10           1
        SFR3             0180-018F             10           1
        STRCODE          0003-0003              1           2
                         0800-0801              2
                         1000-17B8            7B9
                         1800-1FFF            800
        STRING           0003-0003              1           2
                         0800-0801              2
                         1000-17B8            100
                         1800-1FFF            100

                                  Symbol Table

?__Umul8_16                              cstackCOMMON 0070
?___fladd                                cstackBANK0  003A
?___fldiv                                cstackBANK0  003A
?___flmul                                cstackBANK0  0020
?___xxtofl                               cstackCOMMON 0070
_CCP1CONbits                             (abs)        0017
_CCP1_ISR                                text21       17F1
_CCP2CONbits                             (abs)        001D
_CCP2_ISR                                text18       0802
_CCPR1                                   (abs)        0015
_CCPR2                                   (abs)        001B
_INTCONbits                              (abs)        000B
_InterruptManager                        text15       093F
_PIE1bits                                (abs)        008C
_PIE2bits                                (abs)        008D
_PIR1bits                                (abs)        000C
_PIR2bits                                (abs)        000D
_PORTA                                   (abs)        0005
_PORTB                                   (abs)        0006
_PORTC                                   (abs)        0007
_PORTD                                   (abs)        0008
_PORTE                                   (abs)        0009
_T1CONbits                               (abs)        0010
_TIMER1_ISR                              text16       0826
_TIMER1_InterruptHandler                 bssBANK1     00DB
_TMR1H                                   (abs)        000F
_TMR1L                                   (abs)        000E
_TRISA                                   (abs)        0085
_TRISB                                   (abs)        0086
_TRISC                                   (abs)        0087
_TRISCbits                               (abs)        0087
_TRISD                                   (abs)        0088
_TRISE                                   (abs)        0089
__H__absolute__                          __absolute__ 0000
__Habs1                                  abs1         00BA
__Hbank0                                 bank0        00BA
__Hbank1                                 bank1        00BA
__Hbank2                                 bank2        00BA
__Hbank3                                 bank3        00BA
__HbssBANK0                              bssBANK0     00BA
__HbssBANK1                              bssBANK1     00BA
__Hcinit                                 cinit        004D
__Hclrtext                               clrtext      00BA
__Hcode                                  code         00BA
__Hcommon                                common       00BA
__Hconfig                                config       2008
__HcstackBANK0                           cstackBANK0  00BA
__HcstackBANK1                           cstackBANK1  00BA
__HcstackCOMMON                          cstackCOMMON 00BA
__HdataBANK0                             dataBANK0    00BA
__HdataBANK1                             dataBANK1    00BA
__Heeprom_data                           eeprom_data  0000
__Hend_init                              end_init     0015
__Hfunctab                               functab      005D
__Hheap                                  heap         00BA
__HidataBANK0                            idataBANK0   00BA
__HidataBANK1                            idataBANK1   00BA
__Hinit                                  init         0012
__Hinittext                              inittext     00BA
__Hintentry                              intentry     0012
__Hmaintext                              maintext     00BA
__Hpowerup                               powerup      0000
__Hram                                   ram          00BA
__Hreset_vec                             reset_vec    0003
__Hsfr0                                  sfr0         00BA
__Hsfr1                                  sfr1         00BA
__Hsfr2                                  sfr2         00BA
__Hsfr3                                  sfr3         00BA
__Hspace_0                               (abs)        1800
__Hspace_1                               (abs)        00DD
__Hspace_2                               (abs)        00BA
__Hspace_3                               (abs)        0000
__Hspace_4                               (abs)        400F
__Hstack                                 stack        00BA
__Hstrings                               strings      00BA
__Htext                                  text         00BA
__L__absolute__                          __absolute__ 0000
__Labs1                                  abs1         00BA
__Lbank0                                 bank0        00BA
__Lbank1                                 bank1        00BA
__Lbank2                                 bank2        00BA
__Lbank3                                 bank3        00BA
__LbssBANK0                              bssBANK0     00BA
__LbssBANK1                              bssBANK1     00BA
__Lcinit                                 cinit        0015
__Lclrtext                               clrtext      00BA
__Lcode                                  code         00BA
__Lcommon                                common       00BA
__Lconfig                                config       0000
__LcstackBANK0                           cstackBANK0  00BA
__LcstackBANK1                           cstackBANK1  00BA
__LcstackCOMMON                          cstackCOMMON 00BA
__LdataBANK0                             dataBANK0    00BA
__LdataBANK1                             dataBANK1    00BA
__Leeprom_data                           eeprom_data  0000
__Lend_init                              end_init     0012
__Lfunctab                               functab      004D
__Lheap                                  heap         00BA
__LidataBANK0                            idataBANK0   00BA
__LidataBANK1                            idataBANK1   00BA
__Linit                                  init         0012
__Linittext                              inittext     00BA
__Lintentry                              intentry     0004
__Lmaintext                              maintext     00BA
__Lpowerup                               powerup      0000
__Lram                                   ram          00BA
__Lreset_vec                             reset_vec    0000
__Lsfr0                                  sfr0         00BA
__Lsfr1                                  sfr1         00BA
__Lsfr2                                  sfr2         00BA
__Lsfr3                                  sfr3         00BA
__Lspace_0                               (abs)        0000
__Lspace_1                               (abs)        0000
__Lspace_2                               (abs)        0000
__Lspace_3                               (abs)        0000
__Lspace_4                               (abs)        0000
__Lstack                                 stack        00BA
__Lstrings                               strings      00BA
__Ltext                                  text         00BA
__S0                                     (abs)        1800
__S1                                     (abs)        00DD
__S3                                     (abs)        0000
__Umul8_16                               text26       0862
__Umul8_16@multiplicand                  cstackCOMMON 0070
__Umul8_16@multiplier                    cstackCOMMON 0078
__Umul8_16@product                       cstackCOMMON 0074
__Umul8_16@word_mpld                     cstackCOMMON 0076
___fladd                                 text28       03A2
___fladd@a                               cstackBANK0  003E
___fladd@aexp                            cstackBANK0  004B
___fladd@b                               cstackBANK0  003A
___fladd@bexp                            cstackBANK0  004C
___fladd@grs                             cstackBANK0  004D
___fladd@signs                           cstackBANK0  004A
___fldiv                                 text27       0E31
___fldiv@a                               cstackBANK0  003A
___fldiv@aexp                            cstackBANK0  0053
___fldiv@b                               cstackBANK0  003E
___fldiv@bexp                            cstackBANK0  0052
___fldiv@grs                             cstackBANK0  004E
___fldiv@new_exp                         cstackBANK0  004C
___fldiv@rem                             cstackBANK0  0047
___fldiv@sign                            cstackBANK0  004B
___flge                                  text14       0C2B
___flge@ff1                              cstackBANK1  00BF
___flge@ff2                              cstackBANK1  00C3
___flmul                                 text25       005D
___flmul@a                               cstackBANK0  0024
___flmul@aexp                            cstackBANK0  0032
___flmul@b                               cstackBANK0  0020
___flmul@bexp                            cstackBANK0  0033
___flmul@grs                             cstackBANK0  002E
___flmul@prod                            cstackBANK0  0034
___flmul@sign                            cstackBANK0  002D
___flmul@temp                            cstackBANK0  0038
___heap_hi                               (abs)        0000
___heap_lo                               (abs)        0000
___int_sp                                stack        00BA
___int_stack_hi                          stack        00BA
___int_stack_lo                          stack        00BA
___latbits                               (abs)        0002
___sp                                    stack        00BA
___stack_hi                              stack        00BA
___stack_lo                              stack        00BA
___stackhi                               (abs)        0000
___stacklo                               (abs)        0000
___xxtofl                                text24       0D79
___xxtofl@arg                            cstackCOMMON 007A
___xxtofl@exp                            cstackCOMMON 0079
___xxtofl@sign                           cstackCOMMON 0078
___xxtofl@val                            cstackCOMMON 0070
__end_of_CCP1_ISR                        text21       1800
__end_of_CCP2_ISR                        text18       0813
__end_of_InterruptManager                text15       097F
__end_of_TIMER1_ISR                      text16       0843
__end_of__Umul8_16                       text26       0889
__end_of___fladd                         text28       05FA
__end_of___fldiv                         text27       1000
__end_of___flge                          text14       0CCF
__end_of___flmul                         text25       03A2
__end_of___xxtofl                        text24       0E31
__end_of__i1fptable                      functab      005D
__end_of__initialization                 cinit        0049
__end_of_all_interrupt_disable           text13       17BC
__end_of_all_interrupt_enable            text12       17BF
__end_of_ccp1_change_mode                text23       17D9
__end_of_ccp1_init                       text11       0A1F
__end_of_ccp1_isr                        text22       07F3
__end_of_ccp2_init                       text10       09CD
__end_of_ccp2_isr                        text19       17CD
__end_of_ccp2_register_write             text5        0800
__end_of_gpio_pin_direction_initialize   text9        0B91
__end_of_gpio_pin_initialize             text7        093F
__end_of_gpio_pin_write_logic            text8        0B11
__end_of_main                            maintext     0C2B
__end_of_sensor_initialize               text6        08B4
__end_of_servo0                          text4        17E5
__end_of_servo90                         text3        17F1
__end_of_servo_initialize                text2        08DF
__end_of_timer1_inti                     text1        0D79
__end_of_timer1_isr                      text17       090B
__end_ofi1_gpio_pin_write_logic          text20       0A95
__i1fptable                              functab      004E
__initialization                         cinit        0015
__pbssBANK0                              bssBANK0     0060
__pbssBANK1                              bssBANK1     00CF
__pcstackBANK0                           cstackBANK0  0020
__pcstackBANK1                           cstackBANK1  00BF
__pcstackCOMMON                          cstackCOMMON 0070
__pdataBANK0                             dataBANK0    0067
__pdataBANK1                             dataBANK1    00A0
__pfunctab                               functab      004D
__pidataBANK0                            idataBANK0   17BF
__pidataBANK1                            idataBANK1   0843
__pintentry                              intentry     0004
__pmaintext                              maintext     0B91
__ptext1                                 text1        0CCF
__ptext10                                text10       097F
__ptext11                                text11       09CD
__ptext12                                text12       17BC
__ptext13                                text13       17B9
__ptext14                                text14       0C2B
__ptext15                                text15       093F
__ptext16                                text16       0826
__ptext17                                text17       08DF
__ptext18                                text18       0802
__ptext19                                text19       17C5
__ptext2                                 text2        08B4
__ptext20                                text20       0A1F
__ptext21                                text21       17F1
__ptext22                                text22       05FA
__ptext23                                text23       17CD
__ptext24                                text24       0D79
__ptext25                                text25       005D
__ptext26                                text26       0862
__ptext27                                text27       0E31
__ptext28                                text28       03A2
__ptext3                                 text3        17E5
__ptext4                                 text4        17D9
__ptext5                                 text5        07F3
__ptext6                                 text6        0889
__ptext7                                 text7        090B
__ptext8                                 text8        0A95
__ptext9                                 text9        0B11
__size_of__i1fptable                     (abs)        0000
_all_interrupt_disable                   text13       17B9
_all_interrupt_enable                    text12       17BC
_ccp1                                    dataBANK1    00BB
_ccp1_InterruptHandler                   bssBANK0     0066
_ccp1_change_mode                        text23       17CD
_ccp1_init                               text11       09CD
_ccp1_isr                                text22       05FA
_ccp2                                    dataBANK1    00B9
_ccp2_InterruptHandler                   bssBANK1     00DC
_ccp2_init                               text10       097F
_ccp2_isr                                text19       17C5
_ccp2_register_write                     text5        07F3
_clk_time                                dataBANK0    0067
_counter                                 dataBANK0    006C
_distance                                bssBANK1     00CF
_end                                     bssBANK0     0062
_gpio_pin_direction_initialize           text9        0B11
_gpio_pin_initialize                     text7        090B
_gpio_pin_write_logic                    text8        0A95
_main                                    maintext     0B91
_object_exist                            bssBANK1     00D9
_open_bin                                bssBANK1     00DA
_overflow                                bssBANK0     0060
_port_registers                          dataBANK1    00A0
_preload_timer1                          bssBANK1     00D7
_read_once                               dataBANK1    00B4
_rising_edge                             dataBANK0    006B
_sensor_initialize                       text6        0889
_servo                                   dataBANK1    00BD
_servo0                                  text4        17D9
_servo90                                 text3        17E5
_servo_initialize                        text2        08B4
_start                                   bssBANK0     0064
_time                                    bssBANK1     00D3
_timer1_inti                             text1        0CCF
_timer1_isr                              text17       08DF
_tmr1                                    dataBANK1    00B5
_trigger                                 dataBANK1    00BE
_tris_registers                          dataBANK1    00AA
btemp                                    (abs)        007E
ccp1_change_mode@mode                    cstackCOMMON 0070
ccp1_init@ccp1_obj                       cstackBANK1  00C0
ccp2_init@ccp2_obj                       cstackBANK1  00C0
ccp2_register_write@value                cstackBANK1  00BF
end_of_initialization                    cinit        0049
fpbase                                   (abs)        0000
fptable                                  functab      004D
fptotal                                  (abs)        0000
gpio_pin_direction_initialize@pin_config cstackBANK1  00C5
gpio_pin_direction_initialize@ret        cstackBANK1  00C4
gpio_pin_initialize@pin_config           cstackBANK1  00CA
gpio_pin_initialize@ret                  cstackBANK1  00C9
gpio_pin_write_logic@logic               cstackBANK1  00BF
gpio_pin_write_logic@pin_config          cstackBANK1  00C6
gpio_pin_write_logic@ret                 cstackBANK1  00C5
i1_gpio_pin_write_logic                  text20       0A1F
i1fpbase                                 functab      0053
i1fptable                                functab      004E
i1fptotal                                (abs)        0006
i1gpio_pin_write_logic@logic             cstackCOMMON 0070
i1gpio_pin_write_logic@pin_config        cstackCOMMON 0076
init_fetch0                              inittext     0813
init_ram0                                inittext     0817
interrupt_function                       intentry     0004
intlevel0                                functab      004D
intlevel1                                functab      004D
intlevel2                                functab      004D
intlevel3                                functab      004D
intlevel4                                functab      004D
intlevel5                                functab      004D
reset_vec                                reset_vec    0000
saved_w                                  (abs)        007E
sensor_initialize@ccp_select             cstackBANK1  00CB
sensor_initialize@trigger_pin            cstackBANK1  00CE
servo_initialize@ccp_select              cstackBANK1  00CB
servo_initialize@servo_pin               cstackBANK1  00CE
start                                    init         0012
start_initialization                     cinit        0015
timer1_inti@tmr1_obj                     cstackBANK1  00C1
wtemp0                                   (abs)        007E


MODULE INFORMATION

Module		Function		Class		Link	Load	Size
C:\Program Files\Microchip\xc8\v2.45\pic\sources\c99\common\sprcmul.c
		___flmul       		CODE           	005D	0000	837

C:\Program Files\Microchip\xc8\v2.45\pic\sources\c99\common\sprcmul.c estimated size: 837

C:\Program Files\Microchip\xc8\v2.45\pic\sources\c99\common\sprcdiv.c
		___fldiv       		CODE           	0E31	0000	463

C:\Program Files\Microchip\xc8\v2.45\pic\sources\c99\common\sprcdiv.c estimated size: 463

C:\Program Files\Microchip\xc8\v2.45\pic\sources\c99\common\flge.c
		___flge        		CODE           	0C2B	0000	164

C:\Program Files\Microchip\xc8\v2.45\pic\sources\c99\common\flge.c estimated size: 164

shared
		__i1fptable    		ENTRY          	004E	0000	15
		__initialization		CODE           	0015	0000	52
		i1_gpio_pin_write_logic		CODE           	0A1F	0000	118

shared estimated size: 185

C:\Program Files\Microchip\xc8\v2.45\pic\sources\c99\common\xxtofl.c
		___xxtofl      		CODE           	0D79	0000	184

C:\Program Files\Microchip\xc8\v2.45\pic\sources\c99\common\xxtofl.c estimated size: 184

MCAL_Layer/Interrupt/mcal_interrupt_manager.c
		_InterruptManager		CODE           	093F	0000	64

MCAL_Layer/Interrupt/mcal_interrupt_manager.c estimated size: 64

MCAL_Layer/GPIO/hal_gpio.c
		_gpio_pin_write_logic		CODE           	0A95	0000	124
		_gpio_pin_direction_initialize		CODE           	0B11	0000	128
		_gpio_pin_initialize		CODE           	090B	0000	52

MCAL_Layer/GPIO/hal_gpio.c estimated size: 304

MCAL_Layer/Timer/hal_Timer.c
		_TIMER1_ISR    		CODE           	0826	0000	29
		_timer1_inti   		CODE           	0CCF	0000	170

MCAL_Layer/Timer/hal_Timer.c estimated size: 199

C:\Program Files\Microchip\xc8\v2.45\pic\sources\c99\common\Umul8_16.c
		__Umul8_16     		CODE           	0862	0000	39

C:\Program Files\Microchip\xc8\v2.45\pic\sources\c99\common\Umul8_16.c estimated size: 39

C:\Program Files\Microchip\xc8\v2.45\pic\sources\c99\common\sprcadd.c
		___fladd       		CODE           	03A2	0000	600

C:\Program Files\Microchip\xc8\v2.45\pic\sources\c99\common\sprcadd.c estimated size: 600

application.c
		_sensor_initialize		CODE           	0889	0000	43
		_servo0        		CODE           	17D9	0000	12
		_servo90       		CODE           	17E5	0000	12
		_main          		CODE           	0B91	0000	154
		_servo_initialize		CODE           	08B4	0000	43
		_timer1_isr    		CODE           	08DF	0000	44
		_ccp1_isr      		CODE           	05FA	0000	505
		_ccp2_isr      		CODE           	17C5	0000	8

application.c estimated size: 821

MCAL_Layer/CCP/hal_ccp.c
		_ccp1_change_mode		CODE           	17CD	0000	12
		_ccp1_init     		CODE           	09CD	0000	82
		_CCP1_ISR      		CODE           	17F1	0000	15
		_ccp2_init     		CODE           	097F	0000	78
		_CCP2_ISR      		CODE           	0802	0000	17
		_ccp2_register_write		CODE           	07F3	0000	13

MCAL_Layer/CCP/hal_ccp.c estimated size: 217

MCAL_Layer/Interrupt/mcal_internal_interrupt.c
		_all_interrupt_disable		CODE           	17B9	0000	3
		_all_interrupt_enable		CODE           	17BC	0000	3

MCAL_Layer/Interrupt/mcal_internal_interrupt.c estimated size: 6

